67363
161
N
S
N
S
N
S
N
S
N
S
N
S
N
S
N
S
N
S
N
S
N
S
N
S
N
S
N
S
N
S
N
S
N
S
N
S
N
S
N
S
N
S
N
S
N
S
N
N
N
J 68
J 1
J 68
J 1
S
N
S
N
S
N
S
N
S
N
S
N
N
J 68
J 1
J 68
J 1
N
S
N
S
N
S
N
S
N
S
N
S
N
S
N
S
N
S
N
S
N
S
N
S
N
S
N
S
N
S
N
S
N
S
N
N
N
N
N
J 8
J 1
J 4
J 8
J 4
V
V
V
J 68
S
S
S
N
N
N
J 2
V
V
V
J 68
S
S
S
S
S
S
S
N
S
N
S
N
S
N
S
N
S
N
N
N
N
N
N
N
N
N
N
J 45
V
V
V
E
