10704
214
E
V
E
V
E
V
E
V
E
V
E
V
E
V
E
V
E
V
E
V
E
V
E
V
E
V
E
E
E
E
E
E
J 2
V
E
V
E
V
E
V
E
V
E
V
E
V
E
V
E
V
E
V
E
V
E
V
E
V
E
V
E
V
E
V
E
V
E
V
E
V
E
V
E
V
E
V
E
V
E
V
E
V
E
V
E
V
E
V
E
V
E
V
E
V
E
V
E
V
E
V
E
V
E
J 39
V
E
V
E
V
E
V
E
V
E
V
E
V
E
V
E
J 55
N
S
N
S
N
S
N
S
N
S
N
S
N
S
N
S
N
S
N
S
N
S
N
S
N
S
N
S
N
S
N
S
N
S
N
S
N
S
N
S
N
S
N
S
N
S
N
S
N
S
N
S
N
S
N
S
N
S
N
S
N
S
N
S
N
S
N
S
N
S
N
S
N
S
N
S
N
N
N
J 42
S
N
S
N
S
N
S
N
S
N
S
N
N
